../Drivers/CMSIS/Include/core_cm4.h:2064:26:ITM_SendChar	16	static,ignoring_inline_asm
../Core/Src/main.c:75:13:transmit_IMU_data	160	static
../Core/Src/main.c:103:13:show_calibration_messages	8	static
../Core/Src/main.c:132:5:main	16	static
../Core/Src/main.c:266:6:SystemClock_Config	88	static
../Core/Src/main.c:310:6:HAL_TIM_PeriodElapsedCallback	16	static
../Core/Src/main.c:328:6:HAL_TIM_OC_DelayElapsedCallback	16	static
../Core/Src/main.c:341:6:HAL_GPIO_EXTI_Callback	16	static
../Core/Src/main.c:348:6:HAL_I2C_MemRxCpltCallback	16	static
../Core/Src/main.c:355:6:HAL_UART_RxCpltCallback	16	static
../Core/Src/main.c:363:5:__io_putchar	16	static
../Core/Src/main.c:374:6:Error_Handler	4	static,ignoring_inline_asm
