../Drivers/CMSIS/Include/core_cm4.h:2064:26:ITM_SendChar	4
../Core/Src/main.c:132:5:main	8
../Core/Src/main.c:298:6:SystemClock_Config	3
../Core/Src/main.c:342:6:HAL_TIM_PeriodElapsedCallback	6
../Core/Src/main.c:361:6:HAL_TIM_OC_DelayElapsedCallback	5
../Core/Src/main.c:372:6:HAL_GPIO_EXTI_Callback	2
../Core/Src/main.c:379:6:HAL_I2C_MemRxCpltCallback	2
../Core/Src/main.c:386:6:HAL_ADC_ConvCpltCallback	2
../Core/Src/main.c:393:6:HAL_UART_RxCpltCallback	2
../Core/Src/main.c:401:5:__io_putchar	1
../Core/Src/main.c:412:6:Error_Handler	1
