../Drivers/CMSIS/Include/core_cm4.h:2064:26:ITM_SendChar	16	static,ignoring_inline_asm
../Core/Src/main.c:69:13:transmit_IMU_data	160	static
../Core/Src/main.c:97:13:show_calibration_messages	8	static
../Core/Src/main.c:126:5:main	16	static
../Core/Src/main.c:226:6:SystemClock_Config	88	static
../Core/Src/main.c:270:6:HAL_TIM_PeriodElapsedCallback	16	static
../Core/Src/main.c:286:6:HAL_GPIO_EXTI_Callback	16	static
../Core/Src/main.c:293:6:HAL_I2C_MemRxCpltCallback	16	static
../Core/Src/main.c:300:5:__io_putchar	16	static
../Core/Src/main.c:310:6:Error_Handler	4	static,ignoring_inline_asm
